ExpansionTraderHassan.DRUGS|13532.600000 63.753700 3369.230000|141.176000 1.000000 0.000000|Eazy_AssaultBag_Canabis_PoshWinter,Eazy_Bandana_Canabis_PoshWinter,Eazy_BandanaMask_Canabis_PoshWinter,Eazy_Holster_Canabis_PoshWinter,Eazy_PlateCarrierVest_Canabis_PoshWinter,Eazy_Pouches_Canabis_PoshWinter,Eazy_tshirt_Boobs_PoshWinter,Eazy_TTsKOPants_Canabis_PoshWinter,Mich2001Helmet_Canabis_PoshWinter,CombatBoots_Black
ExpansionTraderRolf.SNAFU_WEAPONS|13429.000000 106.798000 3316.580000|-124.837000 0.000000 0.000000|Eazy_CargoPants_DEA_PoshWinter,Eazy_AssaultBag_DEA_PoshWinter,Eazy_Holster_DEA_PoshWinter,Eazy_mich2001_DEA_PoshWinter,Eazy_PlateCarrierVest_DEA_PoshWinter,Eazy_Pouches_DEA_PoshWinter,Eazy_TacticalShirt_DEA_PoshWinter,CombatBoots_Black
ExpansionTraderJose.SNAFU_PARTS|13428.600000 106.798000 3317.110000|-144.908000 0.000000 0.000000|Eazy_CargoPants_DEA_PoshWinter,Eazy_AssaultBag_DEA_PoshWinter,Eazy_Holster_DEA_PoshWinter,Eazy_mich2001_DEA_PoshWinter,Eazy_PlateCarrierVest_DEA_PoshWinter,Eazy_Pouches_DEA_PoshWinter,Eazy_TacticalShirt_DEA_PoshWinter,CombatBoots_Black
