ExpansionTraderDenis.FOG_CLOTHING|3697.250000 402.010000 5977.625000|70.482120 0.000000 0.000000|FOG_Belt_RTGFB_AOR1,FOG_Crye_G3_Shirt_AOR1,FOG_FC_Panel_AOR2_Flag_US,FOG_Pants_Crye_G3_AOR1,FOG_Vest_AVS_AOR2,CombatBoots_Black
ExpansionTraderMaria.CLOTHING|3696.456000 402.010000 5980.193000|72.855280 0.000000 0.000000|QuiltedJacket_Violet,Breeches_Beetcheck,SurgicalGloves_White,ThinFramesGlasses,BaseballCap_Pink,JoggingShoes_Violet,TaloonBag_Violet,Armband_Pink
ExpansionTraderQuinn.CONSUMABLES|3710.122000 402.010000 5976.164000|-72.449710 0.000000 0.000000|CargoPants_Black,Shirt_BlueCheckBright,SurgicalGloves_Blue,BaseballCap_Blue,AthleticShoes_Blue,CivilianBelt,DryBag_Blue
ExpansionTraderNaomi.WEAPONS|3708.787000 402.010000 5974.590000|-131.125500 0.000000 0.000000|HunterPants_Spring,HuntingJacket_Summer,Balaclava3Holes_Black,CowboyHat_black,CombatBoots_Green,MilitaryBelt,HuntingBag,Armband_Black
ExpansionTraderSeth.ATTACHMENTS|3710.265000 402.010000 5973.341000|-158.777400 0.000000 0.000000|CargoPants_Green,M65Jacket_Khaki,UKAssVest_Black,WorkingGloves_Black,AviatorGlasses,PilotkaCap,TTSKOBoots,AssaultBag_Black
ExpansionTraderRolf.VEHICLES|3698.173000 402.010000 5995.337000|-93.593150 0.000000 0.000000|SurgicalMask,WorkingBoots_Brown,BaseballCap_Beige,ReflexVest,QuiltedJacket_Grey,CargoPants_Grey
ExpansionTraderJudy.MEDICALS|3699.820000 402.012000 5971.490000|62.680000 0.000000 0.000000|MilitaryBoots_Black,ParamedicPants_Crimson,SurgicalMask,SurgicalGloves_Green,ParamedicJacket_Crimson,ParamedicPants_Blue
ExpansionTraderNaomi.VEHICLE_PARTS|3690.063000 402.100100 6006.764000|68.550000 0.000000 0.000000|SurgicalMask,WorkingBoots_Brown,BaseballCap_Beige,ReflexVest,QuiltedJacket_Grey,CargoPants_Grey
ExpansionTraderJose.SPRAYCANS|3699.630000 402.010000 5993.970000|116.582000 0.000000 0.000000|TrackSuitPants_Red,TrackSuitJacket_Red,MilitaryBoots_Redpunk,BeanieHat_Red,NioshFaceMask,ChildBag_Red
ExpansionTraderNiki.BUILDINGSUPPLIES|3698.860000 402.013000 5973.750000|68.550490 0.000000 0.000000|ParamedicPants_Blue,FlatCap_Blue,HikingBootsLow_Blue,Raincoat_Red,ConstructionHelmet_Orange,ReflexVest,HikingBootsLow_Beige
ExpansionTraderLinda.HUNTING_SUPPLIES|3709.470000 402.012000 5975.430000|0.000000 0.000000 0.000000|HuntingBag,HuntingJacket_Autumn,HuntingVest,HunterPants_Autumn,JungleBoots_Green,LeatherHat_Beige,DH_Skull_Stag_440lb
ExpansionTraderKaito.MMG_CLOTHING|3696.870000 402.012000 5979.010000|70.482000 0.000000 0.000000|MMG_assault_pack_dark_woodland,mmg_boonie_dark_woodland,MMG_chestrig_dark_woodland,MMG_combatpants_dark_woodland,MMG_combatshirt_dark_woodland,MMG_boots_dark_woodland
ExpansionTraderEva.MSFC_CLOTHING|3697.420000 402.012000 5976.960000|70.482000 0.000000 0.000000|MSFC_Coyote_Bag_MulticamBlack,MSFC_Cargo_Pants_MulticamBlack,MSFC_Gorka_Jacket_MulticamBlack,MSFC_HighCapacity_Vest_MulticamBlack,MSFC_Mich2001_MulticamBlack,MSFC_TacticalBelt_MulticamBlack,MSFC_Boots_Lowa_MulticamBlack
